C51 COMPILER V9.00   KEYBOARD                                                              04/12/2015 14:26:35 PAGE 1   


C51 COMPILER V9.00, COMPILATION OF MODULE KEYBOARD
OBJECT MODULE PLACED IN keyboard.OBJ
COMPILER INVOKED BY: D:\Program Files\KEIL\C51\C51\BIN\C51.EXE keyboard.c BROWSE DEBUG OBJECTEXTEND

line level    source

   1          #include "includes.h"
   2          /*void Keyboard_Scan()
   3          {
   4                  uchar state;
   5                  P3 = P3 | 0x07;
   6                  state = P3 & 0x07;
   7                  delay_ms(5);
   8                  if (state == P3 & 0x07)
   9                  {
  10                          delay_ms(5);
  11                          if (state == P3 & 0x07)
  12                          {
  13                                  switch (state)
  14                                  {
  15                                          case 0x03:
  16                                                  Motor_Hight++;
  17                                                  LCD_Display(0x80,"KEY1");
  18                                                  break;
  19                                          case 0x05:
  20                                                  Motor_Hight--;
  21                                                  LCD_Display(0x80,"KEY2");
  22                                                  break;
  23                                          case 0x06:
  24                                                  Motor_IN1 = ~Motor_IN1;
  25                                                  Motor_IN2 = ~Motor_IN2;
  26                                                  LCD_Display(0x80,"KEY3");
  27                                                  break;
  28                                  }
  29                          }
  30                  }
  31          } */
  32          
  33          /*void Keyboard_Scan()
  34          {
  35                  Key_Increaes = 1;
  36                  Key_Decrease = 1;
  37                  Key_Rollback = 1;
  38                  if(Key_Increaes == 0)
  39                  {
  40                          delay_ms(10);
  41                          if(Key_Increaes == 0)
  42                          {
  43                                  //LCD_Display(0x80,"KEY1");
  44                                  Motor_Hight++;
  45                                  if(Motor_Hight >= 100)
  46                                  {
  47                                          Motor_Hight = 100;
  48                                  }
  49                                  while(!Key_Increaes);
  50                          }
  51                  }
  52                  if(Key_Decrease == 0)
  53                  {
  54                          delay_ms(10);
  55                          if(Key_Decrease == 0)
C51 COMPILER V9.00   KEYBOARD                                                              04/12/2015 14:26:35 PAGE 2   

  56                          {
  57                                  //LCD_Display(0x80,"KEY2");
  58                                  Motor_Hight--;
  59                                  if(Motor_Hight <= 1)
  60                                  {
  61                                          Motor_Hight = 1;
  62                                  }
  63                                  while(!Key_Decrease);
  64                          }
  65                  }
  66                  if(Key_Rollback == 0)
  67                  {
  68                          delay_ms(10);
  69                          if(Key_Rollback == 0)
  70                          {
  71                                  //LCD_Display(0x80,"KEY3");
  72                                  Motor_IN1 = ~Motor_IN1;
  73                                  Motor_IN2 = ~Motor_IN2;
  74                                  while(!Key_Rollback);
  75                          }
  76                  }
  77                  if(Key_Stop == 0)
  78                  {
  79                          delay_ms(10);
  80                          if(Key_Stop == 0)
  81                          {
  82                                  //LCD_Display(0x80,"KEY3");
  83                                  Motor_Hight = 1;
  84                                  //Send_Data(2);
  85                                  while(!Key_Stop);
  86                          }
  87                  }
  88          
  89          } */


MODULE INFORMATION:   STATIC OVERLAYABLE
   CODE SIZE        =   ----    ----
   CONSTANT SIZE    =   ----    ----
   XDATA SIZE       =   ----    ----
   PDATA SIZE       =   ----    ----
   DATA SIZE        =   ----    ----
   IDATA SIZE       =   ----    ----
   BIT SIZE         =   ----    ----
END OF MODULE INFORMATION.


C51 COMPILATION COMPLETE.  0 WARNING(S),  0 ERROR(S)
